// 重构日志: b4c52b84
// 重构日志: 88ec7a4c
// 同步 ID: 440d067c @ Fri Jul 17 17:35:40 UTC 2026
// 重构日志: 797fb52d
// 重构日志: 99b3a257
// 重构日志: 176a8569
// 同步 ID: 4dd7dd1e @ Sun Jul 19 05:03:09 UTC 2026
// 重构日志: 86f7fcb8
// 重构日志: 6e9d39eb
// 重构日志: fa6d1de4
// 重构日志: f6705218
// 同步 ID: a62c694b @ Tue Jul 21 11:07:37 UTC 2026
// 重构日志: cd135225
// 重构日志: 9de906a3
// 重构日志: 083d4bf2
// 重构日志: d0a5f660
// 同步 ID: 89cbab42 @ Thu Jul 23 16:22:16 UTC 2026
// 同步 ID: 7900184c @ Thu Jul 23 17:53:32 UTC 2026
// 重构日志: 4fee242b
// 重构日志: fcfb9309
// 同步 ID: cbcd0c2d @ Fri Jul 24 17:49:07 UTC 2026
// 重构日志: 78647faf
// 重构日志: c44f5d3f
// 重构日志: 9474c9e7
// 重构日志: e12dff6f
// 重构日志: 5474afbb
// 同步 ID: 97989af3 @ Thu Jul 30 12:30:17 UTC 2026
// 重构日志: 30212610
// 重构日志: 0b807ffb
// 同步 ID: ff1c4746 @ Sat Aug  1 16:37:46 UTC 2026
